[2026-07-27T07:46:01.281Z] [WARN]: PostgreSQL unavailable. Initializing embedded SQLite database fallback.
[2026-07-27T07:46:01.391Z] [INFO]: Database tables, triggers, indexes, and seed data initialized successfully.
[2026-07-27T07:46:01.392Z] [INFO]: Running background job: expiryChecker
[2026-07-27T07:46:01.393Z] [INFO]: Running background job: reminderSender
[2026-07-27T07:46:01.398Z] [INFO]: Sent reminders for 0 pending approvals and 0 pending pickups.
[2026-07-27T07:46:01.399Z] [INFO]: 🚀 Food Rescue Server running on http://localhost:5000
[2026-07-27T07:46:12.957Z] [INFO]: Socket client connected: xuzKYcm75_hEpw_PAAAB
[2026-07-27T07:46:20.275Z] [INFO]: Socket client connected: UCP8LHnzeWfZmXh_AAAD
[2026-07-27T07:46:24.393Z] [INFO]: Socket client connected: 0BUFZ73t6KtgTSF3AAAF
[2026-07-27T07:46:42.559Z] [INFO]: Socket client connected: _cBva2dskB8LcDwAAAAH
[2026-07-27T07:46:57.964Z] [INFO]: Socket client disconnected: xuzKYcm75_hEpw_PAAAB
[2026-07-27T07:47:05.278Z] [INFO]: Socket client disconnected: UCP8LHnzeWfZmXh_AAAD
[2026-07-27T07:47:09.392Z] [INFO]: Socket client disconnected: 0BUFZ73t6KtgTSF3AAAF
[2026-07-27T07:47:45.910Z] [INFO]: Socket client disconnected: _cBva2dskB8LcDwAAAAH
[2026-07-27T07:47:50.628Z] [INFO]: Socket client connected: z-6jFj1nud9IhbbXAAAJ
[2026-07-27T07:47:54.321Z] [INFO]: Socket client connected: 4DeZGajhKcRijrknAAAL
[2026-07-27T07:48:28.306Z] [INFO]: Socket client connected: EFq-ELgRz_rqz2OJAAAN
[2026-07-27T07:48:31.924Z] [INFO]: Socket client disconnected: z-6jFj1nud9IhbbXAAAJ
[2026-07-27T07:48:31.925Z] [INFO]: Socket client disconnected: 4DeZGajhKcRijrknAAAL
[2026-07-27T07:49:44.916Z] [INFO]: Socket client connected: Qw7dIIh-EA0GzUWqAAAP
[2026-07-27T07:49:44.929Z] [INFO]: Socket Qw7dIIh-EA0GzUWqAAAP joined user_2
[2026-07-27T07:49:53.137Z] [INFO]: Socket client connected: D8cw4PV-CALaRgFhAAAR
[2026-07-27T07:49:53.148Z] [INFO]: Socket D8cw4PV-CALaRgFhAAAR joined user_2
[2026-07-27T07:49:54.690Z] [INFO]: Socket client connected: vlWUnoBQSCa-jeGEAAAT
[2026-07-27T07:49:54.700Z] [INFO]: Socket vlWUnoBQSCa-jeGEAAAT joined user_2
[2026-07-27T07:49:55.687Z] [INFO]: Socket client connected: y_R1asv-johciNV9AAAV
[2026-07-27T07:49:55.731Z] [INFO]: Socket y_R1asv-johciNV9AAAV joined user_2
[2026-07-27T07:50:28.341Z] [INFO]: Socket client disconnected: EFq-ELgRz_rqz2OJAAAN
[2026-07-27T07:50:29.898Z] [INFO]: Socket client disconnected: Qw7dIIh-EA0GzUWqAAAP
[2026-07-27T07:50:38.156Z] [INFO]: Socket client disconnected: D8cw4PV-CALaRgFhAAAR
[2026-07-27T07:50:39.714Z] [INFO]: Socket client disconnected: vlWUnoBQSCa-jeGEAAAT
[2026-07-27T07:51:42.909Z] [ERROR]: SQLite query execution error: SQLite3 can only bind numbers, strings, bigints, buffers, and null | SQL: INSERT INTO foods (restaurant_id, food_name, description, quantity, food_type, image, pickup_time, pickup_date, expiry_time)
       VALUES ($1, $2, $3, $4, $5, $6, $7, $8, $9)
       RETURNING *
[2026-07-27T07:51:42.918Z] [INFO]: Socket client disconnected: y_R1asv-johciNV9AAAV
[2026-07-27T07:51:55.586Z] [INFO]: Socket client connected: djhOMrsesMMYUDL2AAAX
[2026-07-27T07:51:55.592Z] [INFO]: Socket djhOMrsesMMYUDL2AAAX joined user_2
[2026-07-27T07:51:58.986Z] [INFO]: Socket client connected: RN1wZphhk6gAgi0_AAAZ
[2026-07-27T07:51:59.002Z] [INFO]: Socket RN1wZphhk6gAgi0_AAAZ joined user_2
[2026-07-27T07:52:00.411Z] [INFO]: Socket client connected: AvpPr50nVRr46nusAAAb
[2026-07-27T07:52:00.427Z] [INFO]: Socket AvpPr50nVRr46nusAAAb joined user_2
[2026-07-27T07:52:01.545Z] [INFO]: Socket client connected: 0j4I9UL7tHRQTS6XAAAd
[2026-07-27T07:52:01.554Z] [INFO]: Socket 0j4I9UL7tHRQTS6XAAAd joined user_2
[2026-07-27T07:52:07.052Z] [INFO]: Socket client connected: 1SnQPuu4Z2_V_enMAAAf
[2026-07-27T07:52:12.313Z] [INFO]: Socket client connected: _6RdulbfrRNoYrjRAAAh
[2026-07-27T07:52:14.896Z] [INFO]: Socket client connected: mu9a9g0mFjXSXLnOAAAj
[2026-07-27T07:52:14.907Z] [INFO]: Socket mu9a9g0mFjXSXLnOAAAj joined user_2
[2026-07-27T07:52:18.972Z] [INFO]: Socket client disconnected: djhOMrsesMMYUDL2AAAX
[2026-07-27T07:52:18.994Z] [INFO]: Socket client connected: -kk22_xMh7iKnKCmAAAl
[2026-07-27T07:52:19.008Z] [INFO]: Socket -kk22_xMh7iKnKCmAAAl joined user_2
[2026-07-27T07:52:20.647Z] [INFO]: Socket client connected: V3dyhUwmhpAlkURpAAAn
[2026-07-27T07:52:20.653Z] [INFO]: Socket client disconnected: RN1wZphhk6gAgi0_AAAZ
[2026-07-27T07:52:20.665Z] [INFO]: Socket V3dyhUwmhpAlkURpAAAn joined user_2
[2026-07-27T07:52:22.358Z] [INFO]: Socket client disconnected: AvpPr50nVRr46nusAAAb
[2026-07-27T07:52:22.382Z] [INFO]: Socket client connected: Kujx9XfDAQnbjAe-AAAp
[2026-07-27T07:52:22.405Z] [INFO]: Socket Kujx9XfDAQnbjAe-AAAp joined user_2
[2026-07-27T07:52:24.855Z] [INFO]: Socket client disconnected: 0j4I9UL7tHRQTS6XAAAd
[2026-07-27T07:52:24.874Z] [INFO]: Socket client connected: QHc28Gzqkp6956RIAAAr
[2026-07-27T07:52:24.890Z] [INFO]: Socket QHc28Gzqkp6956RIAAAr joined user_2
[2026-07-27T07:52:26.890Z] [INFO]: Socket client disconnected: 1SnQPuu4Z2_V_enMAAAf
[2026-07-27T07:52:26.911Z] [INFO]: Socket client connected: fNRPS1d-dY_krWbIAAAt
[2026-07-27T07:52:26.921Z] [INFO]: Socket fNRPS1d-dY_krWbIAAAt joined user_2
[2026-07-27T07:52:57.316Z] [INFO]: Socket client disconnected: _6RdulbfrRNoYrjRAAAh
[2026-07-27T07:52:59.897Z] [INFO]: Socket client disconnected: mu9a9g0mFjXSXLnOAAAj
[2026-07-27T07:53:04.004Z] [INFO]: Socket client disconnected: -kk22_xMh7iKnKCmAAAl
[2026-07-27T07:53:05.641Z] [INFO]: Socket client disconnected: V3dyhUwmhpAlkURpAAAn
[2026-07-27T07:53:07.404Z] [INFO]: Socket client disconnected: Kujx9XfDAQnbjAe-AAAp
[2026-07-27T07:53:09.874Z] [INFO]: Socket client disconnected: QHc28Gzqkp6956RIAAAr
[2026-07-27T07:57:08.891Z] [INFO]: Socket client connected: HopgsV8HsUhpk7nfAAAv
[2026-07-27T07:57:08.900Z] [INFO]: Socket HopgsV8HsUhpk7nfAAAv joined user_2
[2026-07-27T07:57:10.430Z] [INFO]: Socket client connected: UynsjOLrTb09q65PAAAx
[2026-07-27T07:57:10.444Z] [INFO]: Socket UynsjOLrTb09q65PAAAx joined user_2
[2026-07-27T07:57:11.810Z] [INFO]: Socket client connected: Z4q0CMGVUDVQlPfMAAAz
[2026-07-27T07:57:11.818Z] [INFO]: Socket Z4q0CMGVUDVQlPfMAAAz joined user_2
[2026-07-27T07:57:12.882Z] [INFO]: Socket client connected: Vju7GkL3mt_2D03qAAA1
[2026-07-27T07:57:12.892Z] [INFO]: Socket Vju7GkL3mt_2D03qAAA1 joined user_2
[2026-07-27T07:57:33.013Z] [INFO]: Socket client disconnected: Vju7GkL3mt_2D03qAAA1
[2026-07-27T07:57:33.055Z] [INFO]: Socket client connected: zO5WukSZ8-aDgqjUAAA3
[2026-07-27T07:57:33.063Z] [INFO]: Socket zO5WukSZ8-aDgqjUAAA3 joined user_2
[2026-07-27T07:57:35.341Z] [INFO]: Socket client disconnected: zO5WukSZ8-aDgqjUAAA3
[2026-07-27T07:57:35.379Z] [INFO]: Socket client connected: EkhKDu_097X79yTCAAA5
[2026-07-27T07:57:35.386Z] [INFO]: Socket EkhKDu_097X79yTCAAA5 joined user_2
[2026-07-27T07:57:36.319Z] [INFO]: Socket client connected: 9F43U7mP1VzinZuYAAA7
[2026-07-27T07:57:36.338Z] [INFO]: Socket 9F43U7mP1VzinZuYAAA7 joined user_2
[2026-07-27T07:57:37.802Z] [INFO]: Socket client connected: Wcl_Akg4IBpvpBS_AAA9
[2026-07-27T07:57:37.817Z] [INFO]: Socket Wcl_Akg4IBpvpBS_AAA9 joined user_2
[2026-07-27T07:57:39.697Z] [INFO]: Socket client disconnected: fNRPS1d-dY_krWbIAAAt
[2026-07-27T07:57:39.719Z] [INFO]: Socket client connected: rhNXxPXQtWrhYIpiAAA_
[2026-07-27T07:57:39.732Z] [INFO]: Socket rhNXxPXQtWrhYIpiAAA_ joined user_2
[2026-07-27T07:57:42.037Z] [INFO]: Socket client disconnected: HopgsV8HsUhpk7nfAAAv
[2026-07-27T07:57:42.060Z] [INFO]: Socket client connected: QSquZh7z-uyH309pAABB
[2026-07-27T07:57:42.075Z] [INFO]: Socket QSquZh7z-uyH309pAABB joined user_2
[2026-07-27T07:57:42.790Z] [INFO]: Socket client disconnected: UynsjOLrTb09q65PAAAx
[2026-07-27T07:57:42.812Z] [INFO]: Socket client connected: VHvEjiMxmwXI4HAlAABD
[2026-07-27T07:57:42.827Z] [INFO]: Socket VHvEjiMxmwXI4HAlAABD joined user_2
[2026-07-27T07:57:45.541Z] [INFO]: Socket client disconnected: Z4q0CMGVUDVQlPfMAAAz
[2026-07-27T07:57:45.573Z] [INFO]: Socket client connected: 1bcg4WY_CxTLXQlfAABF
[2026-07-27T07:57:45.581Z] [INFO]: Socket 1bcg4WY_CxTLXQlfAABF joined user_2
[2026-07-27T07:57:47.735Z] [INFO]: Socket client disconnected: EkhKDu_097X79yTCAAA5
[2026-07-27T07:57:47.748Z] [INFO]: Socket client connected: 8MCaHJ8PQ0j4d4sJAABH
[2026-07-27T07:57:47.760Z] [INFO]: Socket 8MCaHJ8PQ0j4d4sJAABH joined user_2
[2026-07-27T07:57:48.662Z] [INFO]: Socket client disconnected: 9F43U7mP1VzinZuYAAA7
[2026-07-27T07:57:48.674Z] [INFO]: Socket client connected: xp38ETd_qi46AhiJAABJ
[2026-07-27T07:57:48.685Z] [INFO]: Socket xp38ETd_qi46AhiJAABJ joined user_2
[2026-07-27T07:57:49.898Z] [INFO]: Socket client disconnected: Wcl_Akg4IBpvpBS_AAA9
[2026-07-27T07:57:49.937Z] [INFO]: Socket client connected: 1-hXT-y7cZZCXZuTAABL
[2026-07-27T07:57:49.950Z] [INFO]: Socket 1-hXT-y7cZZCXZuTAABL joined user_2
[2026-07-27T07:58:24.720Z] [INFO]: Socket client disconnected: rhNXxPXQtWrhYIpiAAA_
[2026-07-27T07:58:27.072Z] [INFO]: Socket client disconnected: QSquZh7z-uyH309pAABB
[2026-07-27T07:58:27.810Z] [INFO]: Socket client disconnected: VHvEjiMxmwXI4HAlAABD
[2026-07-27T07:58:30.589Z] [INFO]: Socket client disconnected: 1bcg4WY_CxTLXQlfAABF
[2026-07-27T07:58:32.760Z] [INFO]: Socket client disconnected: 8MCaHJ8PQ0j4d4sJAABH
[2026-07-27T07:58:33.692Z] [INFO]: Socket client disconnected: xp38ETd_qi46AhiJAABJ
[2026-07-27T08:46:01.409Z] [INFO]: Running background job: expiryChecker
[2026-07-27T09:00:36.093Z] [INFO]: Socket client disconnected: 1-hXT-y7cZZCXZuTAABL
[2026-07-27T09:10:33.422Z] [INFO]: Socket client connected: 1fPANHVJIkTyTOR3AABN
[2026-07-27T09:25:04.246Z] [INFO]: Socket client disconnected: 1fPANHVJIkTyTOR3AABN
[2026-07-27T09:30:04.905Z] [INFO]: Socket client connected: ehv90sH8MrJRP7KtAABP
[2026-07-27T09:46:01.402Z] [INFO]: Running background job: expiryChecker
[2026-07-27T09:50:55.236Z] [INFO]: Socket client disconnected: ehv90sH8MrJRP7KtAABP
[2026-07-27T10:50:42.579Z] [INFO]: Running background job: expiryChecker
[2026-07-27T10:50:45.071Z] [INFO]: Socket client connected: oISMEEG3e-94xiT9AABR
[2026-07-27T11:30:47.346Z] [INFO]: Socket client disconnected: oISMEEG3e-94xiT9AABR
[2026-07-27T12:22:50.158Z] [INFO]: Running background job: expiryChecker
[2026-07-27T12:22:56.409Z] [INFO]: Socket client connected: rUJo1Dg4G7xEBv2jAABT
[2026-07-27T12:52:08.925Z] [INFO]: Socket client disconnected: rUJo1Dg4G7xEBv2jAABT
[2026-07-27T12:52:09.069Z] [INFO]: Socket client connected: 8MuhA1joxbHIDtdMAABV
[2026-07-27T12:52:09.086Z] [INFO]: Socket 8MuhA1joxbHIDtdMAABV joined user_2
[2026-07-27T12:52:10.534Z] [INFO]: Socket client connected: uuMTn0rnlocm-h2MAABX
[2026-07-27T12:52:10.545Z] [INFO]: Socket uuMTn0rnlocm-h2MAABX joined user_2
[2026-07-27T12:52:11.924Z] [INFO]: Socket client connected: 9T1WOgW0PtnAFkepAABZ
[2026-07-27T12:52:11.944Z] [INFO]: Socket 9T1WOgW0PtnAFkepAABZ joined user_2
[2026-07-27T12:52:15.361Z] [INFO]: Socket client connected: Q4-0roZVXJukCQAgAABb
[2026-07-27T12:52:54.035Z] [INFO]: Socket client disconnected: 8MuhA1joxbHIDtdMAABV
[2026-07-27T12:52:55.525Z] [INFO]: Socket client disconnected: uuMTn0rnlocm-h2MAABX
[2026-07-27T12:52:56.941Z] [INFO]: Socket client disconnected: 9T1WOgW0PtnAFkepAABZ
[2026-07-27T13:09:45.316Z] [INFO]: Socket client disconnected: Q4-0roZVXJukCQAgAABb
[2026-07-27T13:13:44.735Z] [INFO]: Socket client connected: UisbQN0ea_w4Qy-xAABd
[2026-07-27T13:22:50.154Z] [INFO]: Running background job: expiryChecker
[2026-07-27T13:46:01.383Z] [INFO]: Running background job: reminderSender
[2026-07-27T13:46:01.393Z] [INFO]: Sent reminders for 0 pending approvals and 0 pending pickups.
[2026-07-27T14:22:50.160Z] [INFO]: Running background job: expiryChecker
[2026-07-27T14:24:37.662Z] [INFO]: Socket client disconnected: UisbQN0ea_w4Qy-xAABd
[2026-07-27T14:24:39.646Z] [INFO]: Socket client connected: hTX3MyrbpKGt9f_fAABf
[2026-07-27T14:24:47.499Z] [INFO]: Socket client disconnected: hTX3MyrbpKGt9f_fAABf
[2026-07-27T14:24:49.623Z] [INFO]: Socket client connected: 6qKbRCblNea-gf13AABh
[2026-07-27T14:25:12.669Z] [INFO]: Socket client disconnected: 6qKbRCblNea-gf13AABh
[2026-07-27T14:25:13.600Z] [INFO]: Socket client connected: YJvI_y6-jQSW0ZWrAABj
[2026-07-27T14:27:42.881Z] [INFO]: Socket client disconnected: YJvI_y6-jQSW0ZWrAABj
[2026-07-27T14:27:44.599Z] [INFO]: Socket client connected: NL__rMbdTa08Q1b6AABl
[2026-07-27T14:28:07.916Z] [INFO]: Socket client disconnected: NL__rMbdTa08Q1b6AABl
[2026-07-27T14:28:09.608Z] [INFO]: Socket client connected: M3Lvt-fiMBgJveTEAABn
[2026-07-27T14:53:00.102Z] [INFO]: Socket client disconnected: M3Lvt-fiMBgJveTEAABn
[2026-07-27T14:53:01.606Z] [INFO]: Socket client connected: DNo2omvS71KNDE__AABp
[2026-07-27T14:53:15.194Z] [INFO]: Socket client disconnected: DNo2omvS71KNDE__AABp
[2026-07-27T14:53:16.597Z] [INFO]: Socket client connected: PQXuQCrf8QYDRVosAABr
[2026-07-27T14:53:35.159Z] [INFO]: Socket client disconnected: PQXuQCrf8QYDRVosAABr
[2026-07-27T14:53:37.618Z] [INFO]: Socket client connected: OCw3rr9VK8KOB_5yAABt
[2026-07-27T14:55:30.352Z] [INFO]: Socket client disconnected: OCw3rr9VK8KOB_5yAABt
[2026-07-27T14:55:31.611Z] [INFO]: Socket client connected: EpFN87AyNyeNS8d1AABv
[2026-07-27T15:00:47.503Z] [INFO]: Socket client disconnected: EpFN87AyNyeNS8d1AABv
[2026-07-27T15:00:49.595Z] [INFO]: Socket client connected: osBU_QkUuIOSJnSHAABx
[2026-07-27T15:00:55.860Z] [INFO]: Socket client disconnected: osBU_QkUuIOSJnSHAABx
[2026-07-27T15:00:57.590Z] [INFO]: Socket client connected: 0unlQD50D-t0nMOEAABz
[2026-07-27T15:01:15.873Z] [INFO]: Socket client disconnected: 0unlQD50D-t0nMOEAABz
[2026-07-27T15:01:17.582Z] [INFO]: Socket client connected: LUtqzOcbBsRT79H0AAB1
[2026-07-27T15:01:25.880Z] [INFO]: Socket client disconnected: LUtqzOcbBsRT79H0AAB1
[2026-07-27T15:01:26.591Z] [INFO]: Socket client connected: 22IWZAiLC8kwgF4SAAB3
[2026-07-27T15:01:35.887Z] [INFO]: Socket client disconnected: 22IWZAiLC8kwgF4SAAB3
[2026-07-27T15:01:37.590Z] [INFO]: Socket client connected: 858ZEAHTGy0SR4quAAB5
[2026-07-27T15:01:47.525Z] [INFO]: Socket client disconnected: 858ZEAHTGy0SR4quAAB5
[2026-07-27T15:01:48.591Z] [INFO]: Socket client connected: 1dmEI2l7DmMGcFfuAAB7
[2026-07-27T15:02:15.958Z] [INFO]: Socket client disconnected: 1dmEI2l7DmMGcFfuAAB7
[2026-07-27T15:02:17.610Z] [INFO]: Socket client connected: D_n8NG478tQFV8PoAAB9
[2026-07-27T15:03:27.597Z] [INFO]: Socket client disconnected: D_n8NG478tQFV8PoAAB9
[2026-07-27T15:03:48.596Z] [INFO]: Socket client connected: oydwf53IxTvDWf5mAAB_
[2026-07-27T15:04:33.617Z] [INFO]: Socket client disconnected: oydwf53IxTvDWf5mAAB_
[2026-07-27T15:04:49.603Z] [INFO]: Socket client connected: s5CC7zo-4ssx97_CAACB
[2026-07-27T15:04:56.135Z] [INFO]: Socket client disconnected: s5CC7zo-4ssx97_CAACB
[2026-07-27T15:04:57.627Z] [INFO]: Socket client connected: gBUrmR6CxSfgShGZAACD
[2026-07-27T15:22:50.165Z] [INFO]: Running background job: expiryChecker
[2026-07-27T15:25:23.189Z] [INFO]: Socket client disconnected: gBUrmR6CxSfgShGZAACD
[2026-07-27T15:25:24.583Z] [INFO]: Socket client connected: ds09BILbzRkCWdoNAACF
[2026-07-27T15:36:27.373Z] [INFO]: Socket client connected: tuxWcYXMjYVle6k9AACH
[2026-07-27T15:36:32.936Z] [INFO]: Socket client disconnected: ds09BILbzRkCWdoNAACF
[2026-07-27T15:36:33.656Z] [INFO]: Socket client connected: UO3l8WneZY3hjBoUAACJ
[2026-07-27T15:36:35.394Z] [INFO]: Socket client connected: b8T4M4yFlez0gdR6AACL
[2026-07-27T15:37:12.373Z] [INFO]: Socket client disconnected: tuxWcYXMjYVle6k9AACH
[2026-07-27T15:37:18.644Z] [INFO]: Socket client disconnected: UO3l8WneZY3hjBoUAACJ
[2026-07-27T15:37:48.406Z] [ERROR]: SQLite query execution error: UNIQUE constraint failed: users.email | SQL: INSERT INTO users (name, email, password, phone, address, role, organization_name, latitude, longitude, profile_image)
       VALUES ($1, $2, $3, $4, $5, $6, $7, $8, $9, $10)
       RETURNING *
[2026-07-27T15:37:48.473Z] [INFO]: Socket client disconnected: b8T4M4yFlez0gdR6AACL
[2026-07-27T15:37:48.545Z] [INFO]: Socket client connected: 2FUSabQq8NRSvv4oAACN
[2026-07-27T15:38:15.472Z] [INFO]: Socket client disconnected: 2FUSabQq8NRSvv4oAACN
[2026-07-27T15:38:15.558Z] [INFO]: Socket client connected: wjKItwFjTCHlStbwAACP
[2026-07-27T15:38:20.465Z] [INFO]: Socket client disconnected: wjKItwFjTCHlStbwAACP
[2026-07-27T15:38:20.521Z] [INFO]: Socket client connected: IgLa3cpCIk1yuvmCAACR
[2026-07-27T16:22:50.197Z] [INFO]: Running background job: expiryChecker
[2026-07-27T16:25:30.124Z] [INFO]: Socket client disconnected: IgLa3cpCIk1yuvmCAACR
