[2026-08-27T04:46:01.592Z] [WARN]: PostgreSQL unavailable. Initializing embedded SQLite database fallback.
[2026-08-27T04:46:01.727Z] [INFO]: Database tables, triggers, indexes, and seed data initialized successfully.
[2026-08-27T04:46:01.728Z] [INFO]: Running background job: expiryChecker
[2026-08-27T04:46:01.729Z] [INFO]: Running background job: reminderSender
[2026-08-27T04:46:01.733Z] [INFO]: Sent reminders for 0 pending approvals and 0 pending pickups.
[2026-08-27T04:46:01.734Z] [INFO]: 🚀 Food Rescue Server running on http://localhost:5000
[2026-08-27T04:46:04.797Z] [INFO]: Socket client connected: whhPrMxnRUoeP_PiAAAB
[2026-08-27T04:46:22.141Z] [INFO]: Socket client connected: 1rwtBawC6zl1kCgdAAAD
[2026-08-27T04:46:30.163Z] [INFO]: Socket client connected: 6w6A0UrME3OiJFc8AAAF
[2026-08-27T04:46:33.842Z] [INFO]: Socket client connected: -EyeJWlx4wpqoBM5AAAH
[2026-08-27T04:46:35.050Z] [INFO]: Socket client connected: SrmuEj3uSoNVRPh9AAAJ
[2026-08-27T04:46:58.165Z] [INFO]: Socket client connected: HQmjHZ03TcHFaNZVAAAL
[2026-08-27T04:46:58.222Z] [INFO]: Socket HQmjHZ03TcHFaNZVAAAL joined user_3
[2026-08-27T04:47:03.750Z] [INFO]: Socket client disconnected: HQmjHZ03TcHFaNZVAAAL
[2026-08-27T04:47:04.015Z] [INFO]: Socket client connected: VOpcloTFdFnpqRJvAAAN
[2026-08-27T04:47:04.079Z] [INFO]: Socket VOpcloTFdFnpqRJvAAAN joined user_3
[2026-08-27T04:47:05.455Z] [INFO]: Socket client connected: CQHSockQQ-fbRq2FAAAP
[2026-08-27T04:47:05.493Z] [INFO]: Socket CQHSockQQ-fbRq2FAAAP joined user_3
[2026-08-27T04:47:07.112Z] [INFO]: Socket client disconnected: 1rwtBawC6zl1kCgdAAAD
[2026-08-27T04:47:15.093Z] [INFO]: Socket client disconnected: 6w6A0UrME3OiJFc8AAAF
[2026-08-27T04:47:18.800Z] [INFO]: Socket client disconnected: -EyeJWlx4wpqoBM5AAAH
[2026-08-27T04:47:19.996Z] [INFO]: Socket client disconnected: SrmuEj3uSoNVRPh9AAAJ
[2026-08-27T04:47:48.968Z] [INFO]: Socket client disconnected: VOpcloTFdFnpqRJvAAAN
[2026-08-27T04:49:58.897Z] [ERROR]: SQLite query execution error: SQLite3 can only bind numbers, strings, bigints, buffers, and null | SQL: INSERT INTO foods (restaurant_id, food_name, description, quantity, food_type, image, pickup_time, pickup_date, expiry_time)
       VALUES ($1, $2, $3, $4, $5, $6, $7, $8, $9)
       RETURNING *
[2026-08-27T04:49:58.919Z] [INFO]: Socket client disconnected: CQHSockQQ-fbRq2FAAAP
[2026-08-27T04:59:42.320Z] [INFO]: Socket client connected: 2Q6RK794VblvGxpeAAAR
[2026-08-27T04:59:42.352Z] [INFO]: Socket 2Q6RK794VblvGxpeAAAR joined user_3
[2026-08-27T04:59:46.346Z] [ERROR]: SQLite query execution error: SQLite3 can only bind numbers, strings, bigints, buffers, and null | SQL: INSERT INTO foods (restaurant_id, food_name, description, quantity, food_type, image, pickup_time, pickup_date, expiry_time)
       VALUES ($1, $2, $3, $4, $5, $6, $7, $8, $9)
       RETURNING *
[2026-08-27T05:00:27.307Z] [INFO]: Socket client disconnected: 2Q6RK794VblvGxpeAAAR
[2026-08-27T05:03:37.258Z] [INFO]: Socket client connected: DAMgrVPwWdPs6xdOAAAT
[2026-08-27T05:03:37.304Z] [INFO]: Socket DAMgrVPwWdPs6xdOAAAT joined user_3
[2026-08-27T05:03:38.715Z] [ERROR]: SQLite query execution error: SQLite3 can only bind numbers, strings, bigints, buffers, and null | SQL: INSERT INTO foods (restaurant_id, food_name, description, quantity, food_type, image, pickup_time, pickup_date, expiry_time)
       VALUES ($1, $2, $3, $4, $5, $6, $7, $8, $9)
       RETURNING *
[2026-08-27T05:04:22.224Z] [INFO]: Socket client disconnected: DAMgrVPwWdPs6xdOAAAT
[2026-08-27T05:09:27.556Z] [INFO]: Socket client connected: mr3Nw5xKTmvt3DfyAAAV
[2026-08-27T05:09:27.589Z] [INFO]: Socket mr3Nw5xKTmvt3DfyAAAV joined user_3
[2026-08-27T05:09:47.724Z] [ERROR]: SQLite query execution error: SQLite3 can only bind numbers, strings, bigints, buffers, and null | SQL: INSERT INTO foods (restaurant_id, food_name, description, quantity, food_type, image, pickup_time, pickup_date, expiry_time)
       VALUES ($1, $2, $3, $4, $5, $6, $7, $8, $9)
       RETURNING *
[2026-08-27T05:10:12.529Z] [INFO]: Socket client disconnected: mr3Nw5xKTmvt3DfyAAAV
[2026-08-27T05:18:15.347Z] [WARN]: PostgreSQL unavailable. Initializing embedded SQLite database fallback.
[2026-08-27T05:18:15.405Z] [INFO]: Database tables, triggers, indexes, and seed data initialized successfully.
[2026-08-27T05:18:15.406Z] [INFO]: Running background job: expiryChecker
[2026-08-27T05:18:15.407Z] [INFO]: Running background job: reminderSender
[2026-08-27T05:18:15.411Z] [INFO]: Sent reminders for 0 pending approvals and 0 pending pickups.
[2026-08-27T05:18:40.560Z] [WARN]: PostgreSQL unavailable. Initializing embedded SQLite database fallback.
[2026-08-27T05:18:40.608Z] [INFO]: Database tables, triggers, indexes, and seed data initialized successfully.
[2026-08-27T05:18:40.608Z] [INFO]: Running background job: expiryChecker
[2026-08-27T05:18:40.609Z] [INFO]: Running background job: reminderSender
[2026-08-27T05:18:40.611Z] [INFO]: Sent reminders for 0 pending approvals and 0 pending pickups.
[2026-08-27T05:19:28.438Z] [WARN]: PostgreSQL unavailable. Initializing embedded SQLite database fallback.
[2026-08-27T05:19:28.494Z] [INFO]: Database tables, triggers, indexes, and seed data initialized successfully.
[2026-08-27T05:19:28.495Z] [INFO]: Running background job: expiryChecker
[2026-08-27T05:19:28.496Z] [INFO]: Running background job: reminderSender
[2026-08-27T05:19:28.499Z] [INFO]: Sent reminders for 0 pending approvals and 0 pending pickups.
[2026-08-27T05:19:28.500Z] [INFO]: 🚀 Food Rescue Server running on http://localhost:5001
[2026-08-27T05:19:32.327Z] [INFO]: Socket client connected: nHoRd_MaDxzWOgThAAAB
[2026-08-27T05:19:37.797Z] [INFO]: Socket client disconnected: nHoRd_MaDxzWOgThAAAB
[2026-08-27T05:20:07.300Z] [INFO]: Socket client connected: 5Fluuf0RzkSdJbufAAAD
[2026-08-27T05:20:10.163Z] [INFO]: Socket client connected: -Qjf2e3Iet40Es02AAAF
[2026-08-27T05:20:12.369Z] [INFO]: Socket client connected: VExefLzTdtRAfw8rAAAH
[2026-08-27T05:20:29.359Z] [INFO]: Socket client connected: W-3E331REmpmuCzWAAAJ
[2026-08-27T05:20:29.399Z] [INFO]: Socket W-3E331REmpmuCzWAAAJ joined user_3
[2026-08-27T05:20:52.272Z] [INFO]: Socket client disconnected: 5Fluuf0RzkSdJbufAAAD
[2026-08-27T05:20:55.131Z] [INFO]: Socket client disconnected: -Qjf2e3Iet40Es02AAAF
[2026-08-27T05:20:57.323Z] [INFO]: Socket client disconnected: VExefLzTdtRAfw8rAAAH
[2026-08-27T05:21:04.243Z] [INFO]: Socket client disconnected: W-3E331REmpmuCzWAAAJ
[2026-08-27T05:24:38.896Z] [ERROR]: Unhandled Application Error: Error: Failed to lookup view "layouts/main" in views directory "/home/anondo-ray/Downloads/Creative-Final-Project-main/views"
    at app.render (/home/anondo-ray/Downloads/Creative-Final-Project-main/node_modules/express/lib/application.js:597:17)
    at ServerResponse.render (/home/anondo-ray/Downloads/Creative-Final-Project-main/node_modules/express/lib/response.js:1049:7)
    at /home/anondo-ray/Downloads/Creative-Final-Project-main/dist/app.js:89:9
[2026-08-27T05:24:46.225Z] [ERROR]: Unhandled Application Error: Error: Failed to lookup view "layouts/main" in views directory "/home/anondo-ray/Downloads/Creative-Final-Project-main/views"
    at app.render (/home/anondo-ray/Downloads/Creative-Final-Project-main/node_modules/express/lib/application.js:597:17)
    at ServerResponse.render (/home/anondo-ray/Downloads/Creative-Final-Project-main/node_modules/express/lib/response.js:1049:7)
    at /home/anondo-ray/Downloads/Creative-Final-Project-main/dist/app.js:89:9
[2026-08-27T05:24:47.537Z] [ERROR]: Unhandled Application Error: Error: Failed to lookup view "layouts/main" in views directory "/home/anondo-ray/Downloads/Creative-Final-Project-main/views"
    at app.render (/home/anondo-ray/Downloads/Creative-Final-Project-main/node_modules/express/lib/application.js:597:17)
    at ServerResponse.render (/home/anondo-ray/Downloads/Creative-Final-Project-main/node_modules/express/lib/response.js:1049:7)
    at /home/anondo-ray/Downloads/Creative-Final-Project-main/dist/app.js:89:9
[2026-08-27T05:24:47.759Z] [ERROR]: Unhandled Application Error: Error: Failed to lookup view "layouts/main" in views directory "/home/anondo-ray/Downloads/Creative-Final-Project-main/views"
    at app.render (/home/anondo-ray/Downloads/Creative-Final-Project-main/node_modules/express/lib/application.js:597:17)
    at ServerResponse.render (/home/anondo-ray/Downloads/Creative-Final-Project-main/node_modules/express/lib/response.js:1049:7)
    at /home/anondo-ray/Downloads/Creative-Final-Project-main/dist/app.js:89:9
[2026-08-27T05:24:47.937Z] [ERROR]: Unhandled Application Error: Error: Failed to lookup view "layouts/main" in views directory "/home/anondo-ray/Downloads/Creative-Final-Project-main/views"
    at app.render (/home/anondo-ray/Downloads/Creative-Final-Project-main/node_modules/express/lib/application.js:597:17)
    at ServerResponse.render (/home/anondo-ray/Downloads/Creative-Final-Project-main/node_modules/express/lib/response.js:1049:7)
    at /home/anondo-ray/Downloads/Creative-Final-Project-main/dist/app.js:89:9
[2026-08-27T05:24:48.143Z] [ERROR]: Unhandled Application Error: Error: Failed to lookup view "layouts/main" in views directory "/home/anondo-ray/Downloads/Creative-Final-Project-main/views"
    at app.render (/home/anondo-ray/Downloads/Creative-Final-Project-main/node_modules/express/lib/application.js:597:17)
    at ServerResponse.render (/home/anondo-ray/Downloads/Creative-Final-Project-main/node_modules/express/lib/response.js:1049:7)
    at /home/anondo-ray/Downloads/Creative-Final-Project-main/dist/app.js:89:9
[2026-08-27T05:27:13.090Z] [WARN]: PostgreSQL unavailable. Initializing embedded SQLite database fallback.
[2026-08-27T05:27:13.173Z] [INFO]: Database tables, triggers, indexes, and seed data initialized successfully.
[2026-08-27T05:27:13.174Z] [INFO]: Running background job: expiryChecker
[2026-08-27T05:27:13.186Z] [INFO]: Running background job: reminderSender
[2026-08-27T05:27:13.197Z] [INFO]: Expired 1 food items: 
[2026-08-27T05:27:13.198Z] [INFO]: Sent reminders for 0 pending approvals and 0 pending pickups.
[2026-08-27T05:27:55.672Z] [WARN]: PostgreSQL unavailable. Initializing embedded SQLite database fallback.
[2026-08-27T05:27:55.715Z] [INFO]: Database tables, triggers, indexes, and seed data initialized successfully.
[2026-08-27T05:27:55.715Z] [INFO]: Running background job: expiryChecker
[2026-08-27T05:27:55.716Z] [INFO]: Running background job: reminderSender
[2026-08-27T05:27:55.719Z] [INFO]: Sent reminders for 0 pending approvals and 0 pending pickups.
[2026-08-27T05:27:55.721Z] [INFO]: 🚀 Food Rescue Server running on http://localhost:5000
[2026-08-27T05:39:07.155Z] [WARN]: PostgreSQL unavailable. Initializing embedded SQLite database fallback.
[2026-08-27T05:39:07.210Z] [INFO]: Database tables, triggers, indexes, and seed data initialized successfully.
[2026-08-27T05:39:07.211Z] [INFO]: Running background job: expiryChecker
[2026-08-27T05:39:07.212Z] [INFO]: Running background job: reminderSender
[2026-08-27T05:39:07.217Z] [INFO]: Sent reminders for 0 pending approvals and 0 pending pickups.
[2026-08-27T05:45:29.312Z] [INFO]: Email sent to Anondo554@gmail.com: <fc55f0aa-3c68-c7ec-85ab-a2ed6bfc5847@gmail.com>
[2026-08-27T11:33:06.159Z] [WARN]: PostgreSQL unavailable. Initializing embedded SQLite database fallback.
[2026-08-27T11:33:06.214Z] [INFO]: Database tables, triggers, indexes, and seed data initialized successfully.
[2026-08-27T11:33:06.215Z] [INFO]: Running background job: expiryChecker
[2026-08-27T11:33:06.215Z] [INFO]: Running background job: reminderSender
[2026-08-27T11:33:06.219Z] [INFO]: Sent reminders for 0 pending approvals and 0 pending pickups.
[2026-08-27T11:33:06.219Z] [INFO]: 🚀 Food Rescue Server running on http://localhost:5000
[2026-08-27T11:48:47.148Z] [ERROR]: Unhandled Application Error: SyntaxError: Unexpected end of JSON input
    at JSON.parse (<anonymous>)
    at createStrictSyntaxError (/home/anondo-ray/Downloads/Creative-Final-Project-main/node_modules/body-parser/lib/types/json.js:169:10)
    at parse (/home/anondo-ray/Downloads/Creative-Final-Project-main/node_modules/body-parser/lib/types/json.js:90:15)
    at /home/anondo-ray/Downloads/Creative-Final-Project-main/node_modules/body-parser/lib/read.js:128:18
    at AsyncResource.runInAsyncScope (node:async_hooks:227:14)
    at invokeCallback (/home/anondo-ray/Downloads/Creative-Final-Project-main/node_modules/raw-body/index.js:238:16)
    at done (/home/anondo-ray/Downloads/Creative-Final-Project-main/node_modules/raw-body/index.js:227:7)
    at IncomingMessage.onEnd (/home/anondo-ray/Downloads/Creative-Final-Project-main/node_modules/raw-body/index.js:287:7)
    at IncomingMessage.emit (node:events:509:28)
    at endReadableNT (node:internal/streams/readable:1729:12)
[2026-08-27T11:50:32.840Z] [INFO]: Email sent to resturent@gmail.com: <acc687a6-b447-4723-a728-eac568856ca1@gmail.com>
[2026-08-27T12:20:10.050Z] [INFO]: SIGTERM received. Shutting down server gracefully...
[2026-08-27T12:20:10.051Z] [INFO]: Process terminated.
[2026-08-27T16:12:48.113Z] [WARN]: PostgreSQL unavailable. Initializing embedded SQLite database fallback.
[2026-08-27T16:12:48.165Z] [INFO]: Database tables, triggers, indexes, and seed data initialized successfully.
[2026-08-27T16:12:48.165Z] [INFO]: Running background job: expiryChecker
[2026-08-27T16:12:48.167Z] [INFO]: Running background job: reminderSender
[2026-08-27T16:12:48.169Z] [INFO]: Sent reminders for 0 pending approvals and 0 pending pickups.
[2026-08-27T16:12:48.170Z] [INFO]: 🚀 Food Rescue Server running on http://localhost:5000
[2026-08-27T16:15:04.946Z] [INFO]: Email sent to ngo@example.com: <1be314a2-97ad-8fdd-da92-03ea471bd6a8@gmail.com>
[2026-08-27T16:15:44.164Z] [INFO]: Email sent to admin@example.com: <589a8cb4-4637-acbe-6aac-60de7d7707d1@gmail.com>
[2026-08-27T16:21:46.926Z] [ERROR]: SQLite query execution error: SQLite3 can only bind numbers, strings, bigints, buffers, and null | SQL: UPDATE users SET reset_token = $1, reset_token_expiry = $2 WHERE id = $3 RETURNING *
[2026-08-27T16:21:53.174Z] [INFO]: Email sent to admin@example.com: <7668b52b-904a-fc70-4257-763d4b502b66@gmail.com>
[2026-08-27T16:22:32.763Z] [INFO]: Email sent to ajoysarker553@gmail.com: <9ff007f2-8b74-a954-6e05-9947ca001f2a@gmail.com>
[2026-08-27T16:23:09.551Z] [ERROR]: SQLite query execution error: SQLite3 can only bind numbers, strings, bigints, buffers, and null | SQL: UPDATE users SET reset_token = $1, reset_token_expiry = $2 WHERE id = $3 RETURNING *
[2026-08-27T16:24:01.895Z] [WARN]: PostgreSQL unavailable. Initializing embedded SQLite database fallback.
[2026-08-27T16:24:01.940Z] [INFO]: Database tables, triggers, indexes, and seed data initialized successfully.
[2026-08-27T16:24:01.941Z] [INFO]: Running background job: expiryChecker
[2026-08-27T16:24:01.941Z] [INFO]: Running background job: reminderSender
[2026-08-27T16:24:01.944Z] [INFO]: Sent reminders for 0 pending approvals and 0 pending pickups.
[2026-08-27T16:24:01.945Z] [INFO]: 🚀 Food Rescue Server running on http://localhost:5000
[2026-08-27T16:24:04.414Z] [ERROR]: SQLite query execution error: SQLite3 can only bind numbers, strings, bigints, buffers, and null | SQL: UPDATE users SET reset_token = $1, reset_token_expiry = $2 WHERE id = $3 RETURNING *
[2026-08-27T16:24:10.255Z] [INFO]: Email sent to ajoysarker553@gmail.com: <d0214c2b-bc72-27a7-b76f-3cf5bdab6638@gmail.com>
[2026-08-27T16:27:40.317Z] [ERROR]: SQLite query execution error: SQLite3 can only bind numbers, strings, bigints, buffers, and null | SQL: UPDATE users SET reset_token = $1, reset_token_expiry = $2 WHERE id = $3 RETURNING *
[2026-08-27T16:27:44.856Z] [INFO]: Email sent to ajoysarker553@gmail.com: <8f5c9183-4c8b-15d9-398b-3d2003e9691d@gmail.com>
[2026-08-27T16:37:05.124Z] [ERROR]: SQLite query execution error: SQLite3 can only bind numbers, strings, bigints, buffers, and null | SQL: UPDATE users SET reset_token = $1, reset_token_expiry = $2 WHERE id = $3 RETURNING *
[2026-08-27T16:37:09.721Z] [INFO]: Email sent to ajoysarker553@gmail.com: <b2ea2dd3-8ffe-7705-d776-e791832c7c4c@gmail.com>
[2026-08-27T16:41:20.266Z] [WARN]: PostgreSQL unavailable. Initializing embedded SQLite database fallback.
[2026-08-27T16:41:20.312Z] [INFO]: Database tables, triggers, indexes, and seed data initialized successfully.
[2026-08-27T16:41:20.312Z] [INFO]: Running background job: expiryChecker
[2026-08-27T16:41:20.313Z] [INFO]: Running background job: reminderSender
[2026-08-27T16:41:20.316Z] [INFO]: Sent reminders for 0 pending approvals and 0 pending pickups.
[2026-08-27T16:41:20.317Z] [INFO]: 🚀 Food Rescue Server running on http://localhost:5000
[2026-08-27T16:41:58.146Z] [ERROR]: SQLite query execution error: SQLite3 can only bind numbers, strings, bigints, buffers, and null | SQL: UPDATE users SET reset_token = $1, reset_token_expiry = $2 WHERE id = $3 RETURNING *
[2026-08-27T16:42:02.924Z] [INFO]: Email sent to ajoysarker553@gmail.com: <1988a0b5-4aa8-8aff-fd63-3f963f5f6a21@gmail.com>
[2026-08-27T16:43:56.839Z] [ERROR]: SQLite query execution error: SQLite3 can only bind numbers, strings, bigints, buffers, and null | SQL: UPDATE users SET reset_token = $1, reset_token_expiry = $2 WHERE id = $3 RETURNING *
[2026-08-27T16:44:00.418Z] [INFO]: Email sent to ajoysarker553@gmail.com: <b507445f-2aef-6cb3-87a2-35b75bf226df@gmail.com>
[2026-08-27T16:45:44.527Z] [ERROR]: PostgreSQL unavailable: password authentication failed for user "postgres"
[2026-08-27T16:45:44.536Z] [INFO]: SIGTERM received. Shutting down server gracefully...
[2026-08-27T16:45:44.537Z] [INFO]: Process terminated.
[2026-08-27T16:47:36.523Z] [ERROR]: PostgreSQL unavailable: password authentication failed for user "postgres"
[2026-08-27T16:48:02.584Z] [ERROR]: PostgreSQL unavailable: password authentication failed for user "postgres"
[2026-08-27T16:48:47.528Z] [ERROR]: PostgreSQL unavailable: password authentication failed for user "postgres"
[2026-08-27T16:50:37.624Z] [INFO]: SIGTERM received. Shutting down server gracefully...
[2026-08-27T16:50:37.739Z] [INFO]: Process terminated.
[2026-08-27T16:50:37.746Z] [ERROR]: PostgreSQL unavailable: password authentication failed for user "postgres"
[2026-08-27T16:50:38.568Z] [ERROR]: PostgreSQL unavailable: password authentication failed for user "postgres"
[2026-08-27T16:50:53.754Z] [ERROR]: PostgreSQL unavailable: password authentication failed for user "postgres"
[2026-08-27T16:51:21.721Z] [ERROR]: PostgreSQL unavailable: password authentication failed for user "postgres"
[2026-08-27T16:52:00.386Z] [ERROR]: PostgreSQL unavailable: password authentication failed for user "postgres"
[2026-08-27T16:52:37.738Z] [ERROR]: PostgreSQL unavailable: password authentication failed for user "postgres"
[2026-08-27T16:52:37.739Z] [ERROR]: Database initialization failed: password authentication failed for user "postgres"
[2026-08-27T16:52:37.739Z] [ERROR]: Server will continue running without full database functionality
[2026-08-27T16:52:37.739Z] [INFO]: Running background job: expiryChecker
[2026-08-27T16:52:37.740Z] [INFO]: Running background job: reminderSender
[2026-08-27T16:52:37.743Z] [INFO]: 🚀 Food Rescue Server running on http://localhost:5000
[2026-08-27T16:52:37.756Z] [ERROR]: PostgreSQL query error: password authentication failed for user "postgres" | SQL: 
      UPDATE foods
      SET status = 'expired', updated_at = NOW()
      WHERE expiry_time < NOW() AND status = 'available'
      RETURNING id, food_name
    
[2026-08-27T16:52:37.757Z] [ERROR]: expiryChecker background job error: password authentication failed for user "postgres"
[2026-08-27T16:52:37.757Z] [ERROR]: PostgreSQL query error: password authentication failed for user "postgres" | SQL: 
      SELECT r.id, f.food_name, f.restaurant_id, u.email as restaurant_email, u.name as restaurant_name
      FROM requests r
      JOIN foods f ON r.food_id = f.id
      JOIN users u ON f.restaurant_id = u.id
      WHERE r.status = 'pending' AND r.created_at < NOW() - INTERVAL '2 hours'
    
[2026-08-27T16:52:37.757Z] [ERROR]: reminderSender background job error: password authentication failed for user "postgres"
